// Jest Snapshot v1, https://goo.gl/fbAQLP

exports[`<BoxMain /> should render  1`] = `
.c0 {
  width: 100%;
  position: relative;
  margin-bottom: 2rem;
}

.c0:after {
  position: absolute;
  top: 0;
  left: 50%;
  -webkit-transform: translateX(-50%);
  -ms-transform: translateX(-50%);
  transform: translateX(-50%);
  content: "";
  width: 30%;
  height: 0.6rem;
  background: #E8EB33;
  border-radius: 2rem;
}

<div>
   
  <div
    class="css-1eeojed"
  >
    <span
      class="c0"
    />
    <h1
      class="chakra-heading css-1a4xx1o"
    >
      Henrique dos Santos
    </h1>
    <h4
      class="chakra-heading css-1jbs7el"
    >
      Desenvolvedor Web front End
    </h4>
  </div>
</div>
`;
