// Jest Snapshot v1, https://goo.gl/fbAQLP

exports[`<Footer /> should render  1`] = `
<div>
   
  <div
    class="chakra-container css-7lkdpn"
  >
    <div
      class="chakra-container css-10gf8jm"
    >
      <p
        aria-label="Criador do Design e do Site"
        class="chakra-text css-18zn9rd"
        title="Created By"
      >
        Criado por 
        <b
          style="color: yellow;"
        >
          Henrique dos Santos
        </b>
      </p>
    </div>
  </div>
</div>
`;
