// Jest Snapshot v1, https://goo.gl/fbAQLP

exports[`<Footer /> should render  1`] = `
<div>
   
  <div
    class="chakra-container css-gnbstb"
  >
    <div
      class="chakra-container css-10gf8jm"
    >
      <p
        class="chakra-text css-1bg3qoe"
      >
        Criado por 
        <b
          style="color: yellow;"
        >
          Henrique dos Santos
        </b>
      </p>
    </div>
  </div>
</div>
`;
