// Jest Snapshot v1, https://goo.gl/fbAQLP

exports[`<MenuLink /> should render  1`] = `
.c0 {
  font-size: 2.0rem;
  position: relative;
  padding: 2.7rem 1rem;
}

.c1 {
  -webkit-text-decoration: none;
  text-decoration: none;
  padding: 1rem 2rem;
}

.c1:hover:after {
  content: "";
  position: absolute;
  bottom: 1.6rem;
  right: 0;
  height: 0.5rem;
  border-radius: 0.6rem;
  background: #C11010;
  -webkit-animation: hoverAnimation 0.5s forwards;
  animation: hoverAnimation 0.5s forwards;
}

<div>
   
  <nav
    class=""
  >
    <div
      class="css-4ukgkt"
    >
      <div
        class="c0"
      >
        <a
          class="c1"
          href="#"
        >
          Inicio
        </a>
      </div>
      <div
        class="c0"
      >
        <a
          class="c1"
          href="#project"
        >
          Projetos
        </a>
      </div>
      <div
        class="c0"
      >
        <a
          class="c1"
          href="#about"
        >
          Sobre
        </a>
      </div>
      <div
        class="c0"
      >
        <a
          class="c1"
          href="#contact"
        >
          Contato
        </a>
      </div>
    </div>
  </nav>
</div>
`;
