// Jest Snapshot v1, https://goo.gl/fbAQLP

exports[`<Heading /> should render  1`] = `
.c0 {
  position: relative;
  width: -webkit-max-content;
  width: -moz-max-content;
  width: max-content;
  color: red;
  padding: 2rem;
  margin: 1rem;
  font-size: 2.4rem;
  font-family: "Roboto",monospace;
}

.c0::before {
  content: "";
  position: absolute;
  top: 50%;
  left: -1.5rem;
  -webkit-transform: translateY(-50%);
  -ms-transform: translateY(-50%);
  transform: translateY(-50%);
  width: 0.4rem;
  height: 90%;
  border-radius: 2rem;
  background: #b7f600;
}

<div>
  <h1
    class="c0"
  >
    teste
  </h1>
</div>
`;
