// Jest Snapshot v1, https://goo.gl/fbAQLP

exports[`<MenuLink /> should render  1`] = `
.c0 {
  height: 100%;
  display: -webkit-box;
  display: -webkit-flex;
  display: -ms-flexbox;
  display: flex;
  -webkit-align-items: center;
  -webkit-box-align: center;
  -ms-flex-align: center;
  align-items: center;
  -webkit-box-pack: center;
  -webkit-justify-content: center;
  -ms-flex-pack: center;
  justify-content: center;
}

.c1 {
  font-size: 1.8rem;
  position: relative;
  -webkit-letter-spacing: 0.125rem;
  -moz-letter-spacing: 0.125rem;
  -ms-letter-spacing: 0.125rem;
  letter-spacing: 0.125rem;
}

.c1 a {
  -webkit-text-decoration: none;
  text-decoration: none;
  padding: 1rem 2rem;
}

.c1 a:hover:after {
  content: "";
  position: absolute;
  top: 4rem;
  right: 0;
  height: 0.5rem;
  border-radius: 0.6rem;
  background: #E8EB33;
  -webkit-animation: hoverAnimation 0.5s forwards;
  animation: hoverAnimation 0.5s forwards;
}

<div>
   
  <div
    class="c0"
  >
    <div
      class="chakra-stack css-1epo9ut"
    >
      <div
        class="c1"
      >
        <a
          href="/"
        >
          Inicio
        </a>
      </div>
      <div
        class="c1"
      >
        <a
          href="/projects"
        >
          Projetos
        </a>
      </div>
      <div
        class="c1"
      >
        <a
          href="/skilss"
        >
          Habilidades
        </a>
      </div>
      <div
        class="c1"
      >
        <a
          href="/contact"
        >
          Contato
        </a>
      </div>
    </div>
  </div>
</div>
`;
