// Jest Snapshot v1, https://goo.gl/fbAQLP

exports[`Header should render  1`] = `
.c3 {
  height: 84vh;
  display: -webkit-box;
  display: -webkit-flex;
  display: -ms-flexbox;
  display: flex;
  -webkit-flex-direction: column;
  -ms-flex-direction: column;
  flex-direction: column;
  -webkit-align-items: center;
  -webkit-box-align: center;
  -ms-flex-align: center;
  align-items: center;
  -webkit-box-pack: center;
  -webkit-justify-content: center;
  -ms-flex-pack: center;
  justify-content: center;
}

.c4 {
  width: 18rem;
  height: 18rem;
  border-radius: 50%;
  box-shadow: 0 0 10px #C11010,0 0 10px #E5E7EB;
}

.c5 {
  color: #E5E7EB;
  font-family: 'Tangerine',cursive;
  font-size: 5rem;
  margin-top: 2rem;
}

.c0 {
  width: 100vw;
  height: 84vh;
  background: #12131C;
  display: -webkit-box;
  display: -webkit-flex;
  display: -ms-flexbox;
  display: flex;
  -webkit-align-items: center;
  -webkit-box-align: center;
  -ms-flex-align: center;
  align-items: center;
  -webkit-box-pack: justify;
  -webkit-justify-content: space-between;
  -ms-flex-pack: justify;
  justify-content: space-between;
  padding: 4.0rem;
}

.c1 {
  margin: 0 auto;
  max-width: 86vw;
  padding: 3rem;
  text-align: center;
  display: -webkit-box;
  display: -webkit-flex;
  display: -ms-flexbox;
  display: flex;
  -webkit-flex-direction: column;
  -ms-flex-direction: column;
  flex-direction: column;
  -webkit-align-items: center;
  -webkit-box-align: center;
  -ms-flex-align: center;
  align-items: center;
  -webkit-box-pack: center;
  -webkit-justify-content: center;
  -ms-flex-pack: center;
  justify-content: center;
}

.c2 {
  color: #E5E7EB;
  font-size: 1.4rem;
  line-height: 5rem;
}

.c2 p {
  font-size: 1.8rem;
  text-align: center;
}

@media (max-width:1024px) {
  .c4 {
    width: 16rem;
    height: 16rem;
  }
}

@media (max-width:1024px) {
  .c5 {
    font-size: 4rem;
  }
}

<div>
  <main
    class="c0"
  >
    <div
      class="c1 c2"
    >
      <h1>
         Desenvolvedor Web
      </h1>
      <p>
        React.Js
      </p>
    </div>
    <div
      class="c1"
    >
      <div
        class="c3"
      >
        <img
          alt="Foto Programador"
          class="c4"
          src="https://res.cloudinary.com/defnibbpl/image/upload/v1633360611/medium_henrique_techs_89a8aae1bc.jpg"
        />
        <h1
          class="c5"
        >
          Henrique Dos Santos
        </h1>
      </div>
    </div>
  </main>
</div>
`;
