// Jest Snapshot v1, https://goo.gl/fbAQLP

exports[`<SectionClipPathEffect /> should render  1`] = `
.c0 {
  width: 100vw;
  padding: 7rem 1rem;
  background: white;
  margin-top: 0;
  margin-bottom: 2.4rem;
  -webkit-clip-path: polygon(0 0,100% 15%,100% 100%,0 90%);
  clip-path: polygon(0 0,100% 15%,100% 100%,0 90%);
}

<div>
  <div
    class="c0"
    data-testid="containerEffectClipPath"
  >
    <p>
      Section Clip Path
    </p>
  </div>
</div>
`;
